@SpeakerBoehner Thank you Mr. Speaker. It is very true and was testified to in front of congress by experts of the contractors who built it.
@achelous58 @crisp_aw @SpeakerBoehner After what U Dems have done 2 Detroit I wouldn't be calling anybody else dumb. #tcot #EconomicViolence
@achelous58 @crisp_aw @SpeakerBoehner Village Voice! How Andrew Cuomo (Clinton HUD Sec) gave birth 2 mortgage crisis http://bit.ly/aJwVnl 
@achelous58 @crisp_aw @SpeakerBoehner  1st ingredient of Fascism is big government! Can't have Fascism w/out big gov. opposite of #teaparty
.@SpeakerBoehner "STOP IT. STOP SPREADING PROPAGANDA ~ #GOP nothing but #DomesticTerrorist by #FBI definition
.@Junebug1952 One HELL of a #WordSalad , there, little #BreitbartBatBoy ~ .@SpeakerBoehner = #DomesticTerrorist by #FBI definition #YOURHEAD
.@Junebug1952 Ur adorable ~ #1 I am not a liberal (If U read my tweets) #2 I'm a #VietEraVet #3 I'm an Independent #Back2U .@SpeakerBoehner
.@Junebug1952 “There is a special place in hell for women who don't help other women."  ― M Albright .@SpeakerBoehner
@SpeakerBoehner So @mommadona you are misspeaking regarding website security. Thank you for playing, ok Johnny tell her what she has lost.
.@crisp_aw << Pontificating #WordSalad spill on aisle 7! 

.@SpeakerBoehner = #ArchieHunkerBunker
@mommadona @SpeakerBoehner LOL love it..
@SpeakerBoehner they shouldn't have our personal information in the first place
@SpeakerBoehner who cares, you bs on not extending the UI is more hurtful now which is worse than obamanation car, GET UI EXTENTION PASSED
@SpeakerBoehner When are you going to take action on Obama's Lawlessness? Are you afraid because he is Half Black? Man Up!!!
@SpeakerBoehner  Since u are against unemployment, how about introducing a jobs bill? #pathetic
@SpeakerBoehner JOHN!! WE WANT THIS THING   G O N E!!!!! NOT FIXED. REPAIRED, GONE!!! BEFORE THIS DARN THING HURTS ANYONE ELSE!!!! GOT IT?!!
@SpeakerBoehner  or propose a infrastructure bill that would put these people back to work. Do something instead of obstructing or nothing
Really? @SpeakerBoehner @TiberiPress are worried about personal information leaks from #ObamaCare when THE NSA IS COLLECTING ALL DATA!
@SpeakerBoehner I think we need to repeal obamacare. Nobody wants it.
“@SpeakerBoehner: "BONNER!" RT if you agree: You deserve to know when #ObamaCare has put your personal info at risk. ”
@SpeakerBoehner and you think I am stupid enuf to put my info in there!?
@SpeakerBoehner We deserve to have #obamacare repealed & defunded & out of our lives altogether.
@SpeakerBoehner
@SpeakerBoehner @Sassafras_Knob We already know the govt is listening in to phone calls, storing data, info. Nothing sacred.
@SpeakerBoehner move on, you are useless
@SpeakerBoehner @RepFitzpatrick So, why does #Obamacare warrant a special site and not data breaches in general? Data leak is a data leak
@SpeakerBoehner do not betray unemployed American workers with amnesty
@SpeakerBoehner your a broken record onto something else please
@SpeakerBoehner
@SpeakerBoehner Give it a rest and focus on the important stuff like UI, immigration, budget, debt, etc.You are a failure as a leader.
@SpeakerBoehner please get back to doing your real job! You guys are really starting to sound clueless.
@SpeakerBoehner Yes, especially if I'm in the US illegally.  Thanks for championing this issue.
@SpeakerBoehner like our personal info isn't out there. Bonehead If you have a CC? License ? Many others ways @BarackObama @blog44
@SpeakerBoehner 
How many people died from cold over the last week?Because no jobs, no SNAP, no help?
Now THATS something to worry about
you have what you need to at least suspend Obamacare and or mandate   @SpeakerBoehner
@AmericanSpringg @SpeakerBoehner They want it to collapse. They want a complete reset.
@SpeakerBoehner propaganda from DC BS want to say what we want to hear. They know Nov. Elections are coming. Actions speak louder then words
@SpeakerBoehner you are nuts...Obama care is the law...get over it!
@SpeakerBoehner @Ps5725   Yes we do and we want to know what happened in Benghazi Mr Speaker!
@SpeakerBoehner ,, let's talk about the immigration reform  because it will bring us benefits to everyone in this country ,.
@SpeakerBoehner US Constitution Article 2, Section 4. It's called IMPEACHMENT. Look it up dipshit and Do Your damn DUTY
@SpeakerBoehner Congress controls the purse-why are you funding obammacare?;
@SpeakerBoehner Your a hypocrite and a liar! You say one thing and vote another! Your the worst speaker ever!
@SpeakerBoehner My personal information was put at risk by Republicans in Congress before President Obama was elected.
@SpeakerBoehner @RepFitzpatrick Because of "Obamacare" my premium went from $841.41 to $770.00 per month!
@SpeakerBoehner @RepFitzpatrick We have more of a problem, Alumni Brother John Boehner, with cyber security...hackers and virus creators
@SpeakerBoehner I refuse to buy #Obamacare violates my 13th amendment. Economic servitude.
@SpeakerBoehner Stop diddling around with ACA. Get busy actually doing something for American citizens. #StopTheObstruction
@SpeakerBoehner Thanks for stopping it
@SpeakerBoehner You know that I think a #careact would be good for the USA !
@SpeakerBoehner you are obamas bitch
@SpeakerBoehner I'm more concerned about Target. Lots more affected there.
@SpeakerBoehner you're right. Millions with preexisting conditions should be denied coverage.
@SpeakerBoehner still f**king with obama care? do something that will help the american people raise min wage jobs DO SOMETHING!!!
@SpeakerBoehner HHS sec has a strange relationship with the truth! Does this make her a LIAR?
@SpeakerBoehner would sending your life history to the NSA qualify as putting your info "at risk"? #ThrowTheBumsOut
@SpeakerBoehner John please, It's the law, wake up and do your job, you are so lost!!!
@SpeakerBoehner fuck you john boehner
@SpeakerBoehner if what you say is true and our medical/personal records are at risk I blame that on you for not fixing it dumbass! @cspan
@SpeakerBoehner If someone is aware of my health conditions its probably for the better. open information is a major recourse for medicalDev
.@SpeakerBoehner  repeal Obamacare and stop being a moderate!!!!  Lean Right not in the middle like an idiot!!!
@SpeakerBoehner you put people at risk everyday with you and your do nothing congress.
@SpeakerBoehner you have put us at risk more than Obamacare you will be the worst speaker ever
@Benito35ddDavis @SpeakerBoehner Actually , Benito, The Speaker is more of a moderate, we could do far worse!
