.@HillaryClinton I hear Rupurt Murdoch, Fox News CEO, is a longtime supporter
#SuperSaturday #FeelTheBern #ImWithHer
@1_Hoof_Hearted @HillaryClinton @HillaryforNH
@HillaryClinton Amnesty is:preventing inmate supply 100% total equipment assembly:GM Lockheed KOCH Walmart NRA-NewOrleansPlantation-for free
@HillaryClinton could be in the slam...sooner than later, Pagliano has been given immunityHopefully he will sing
Hey Trumpnazi @rubberblon She is your next president @HillaryClinton #GoHillary #ImWithHer =)
.@HillaryClinton Why vote 4 the lessor of 2 evils when we can vote 4 the greater good?#SuperSaturday #FeelTheBern
@HillaryClinton she is the best
it will be my happy day when I sea Hillary as a commander in chief
.@HillaryClinton #SuperSaturday #FeelTheBern #ImWithHer #Bernie2016
.@HillaryClinton #SuperSaturday #FeelTheBern #ImWithHer #Bernie2016
@HillaryClinton @BrackObama please pardon HILLARY evenB4 any crime-this loud minority can shutfucUp!thxs boo(LA PIC)
.@HillaryClinton #SuperSaturday #FeelTheBern #ImWithHer #Bernie2016
Hey Trumpnazi @neilturner_ Super Saturday, Super Woman President #ImWithHer @HillaryClinton ^- ^
@HillaryClinton #President-Hillary is experienced & Winner! She has been helping Minorities, Woman & Children throughOut! #ImWithHer
@mrkh0khar @HillaryClinton personally tried to discredit multiple rape accusers of her husband. Clinton skates Cosby charged #doublestandard
@thirdwoe @HillaryClinton Take it Positively, She tried to protect her husband from fake blames! #President-Hillary is experienced & Winner!
@mrkh0khar "fake blames" ? All of them? Ur funny
@thirdwoe @HillaryClinton I know #Mother-Hillary is good & She can't be wrong! No evidence means a blame is fake! #HillYes
@mrkh0khar never mind an ongoing FBI investigation into multiple espionage, treason, & Quid Pro Quo for the clinton foundation #koolaidmuch?
@thirdwoe @HillaryClinton Im sure if their is any such thing then FBI will clear this foundation from all blames soon! #HillYes
@mrkh0khar @HillaryClinton are you paid by her campaign to post?
@HillaryClinton not for you! Who could stand that voice!!
. @HillaryClinton Get out and vote for in the #LouisianaPrimary. Counts way more this year! Otherwise, you will be stuck with her come Nov.
@politicalcow #PresidentHillary I am with her @HillaryClinton Stand with Hillary
.@HillaryClinton
.@HillaryClinton  #SuperSaturday #FeelTheBern #ImWithHer #Bernie2016
@HillaryClinton You go girl.
You have right Berniebots @ultimatetennis_ Super Saturday, Super Women President @HillaryClinton #PresidentHillary
@HillaryClinton Now let me be clear here, this isn’t just some random, inconsequential Democrat on a state legislature.
@HillaryClinton win Hillary win
@HillaryClinton Let's go. regards
@HillaryClinton so is Bill going to block voters from voting again while unlawfully campaigning?!? #WhichHillary
@HillaryClinton @chelywright Chief here heard from Bill Clinton a few days ago and he agreed with me that Hillary should go to jail (Emails)
@HillaryClinton go get them !!!!
@HillaryClinton
@HillaryClinton @realDonaldTrump Say NO MORE CLINTON'S #MakeAmericaGreatAgain don't believe everything you hear, she's had plenty of time!!!
@HillaryClinton @PPact #FeelTheBern
@HillaryClinton votting for Clinton is same voting for own death
@HillaryClinton Dems look up Padesta group wiki, time to meet who H will work for if elected, IT AINT YOU, she will do the obama lay low!
@HillaryClinton vote Bernie !!!!!
@HillaryClinton  I LOVE Bernie Sanders !!!!!!!!
@HillaryClinton
@HillaryClinton @MichaelSkolnik Voted with Democrats from abroad. Proud #ImWithHer
@HillaryClinton America deserves better. #StopHillary
.@Ozetty #itrustHillary #ImWithHer
@CTR_MM Anyone else would be in prison. I'm tired of #ClintonPrivilege
@HillaryClinton
@HillaryClinton @nascarmadame 
You got this Hillary because everyone as we know that votes for Trump is voting for you 
Proud to cast my vote for @HillaryClinton during early voting in FL! #Hillary2016
@HillaryClinton
@HillaryClinton #LouisianaPrimary go VOTE for Hillary! #ImWithHer #ShesWithUs - we need to unite & WIN in Nov!
@HillaryClinton will be there!
@HillaryClinton @SenGillibrand We the people sooo need to take our gov't back.No more career politicians.Esp not corrupt ones #termlimitsnow
@HillaryClinton DO YOUR CIVIC DUTY!! VOTE!! FEEL THE BERN
@HillaryClinton i Am sure you will bee nexst US President
@HillaryClinton @MichaelSkolnik no more family monarchists BUSH CLINTON
@HillaryClinton yes
@HillaryClinton I live  Ohio   Springfield can  we vly
@HillaryClinton @HillaryforKS SAVE KANSAS! CAUCUS! @JohnBelforLA needs your help! GO VOTE! NEBRASKA...Get it done! #ImWithHer!
@HillaryClinton You have won! It was the vote for the least trustworthy candidate. Hold that honor proudly.
@HillaryClinton vote for Bernie. Hillary is going to jail
@HillaryClinton Murderer!!
@HillaryClinton And together we'll put a corporate militarist in the WH (who happens to be a woman)
@HillaryClinton Lead the world for another 100 yrs? Perfect dream!
@HillaryClinton El Presidente ( D ) Barack Obama implemento el Seguro de Salud llamado Obamacare. Los Presidentes Democratas son del pueblo
@HillaryClinton Half the Democratic Party has been convinced by the Media to vote Fear of what might be & Cynicism of what they Can't Have.
@HillaryClinton i dont like u
@HillaryClinton You say you're fighting for us while accepting big $$$ from those you say are the enemy. You are as crooked as they come
@HillaryClinton vote for the best candidate running.   Hillary Clinton! I'm with Her!
@HillaryClinton
@HillaryClinton Can you tell me How I Trust U when U killed the Benghazi men? I had to Reg Repub after 30 yrs bcuz I cant trust w my kids
@HillaryClinton good luck
@HillaryClinton we are counting on you guys
@HillaryClinton but not for YOU-B
@HillaryClinton keep it going!
@HillaryClinton Cast my vote for you Hillary,b4 u even made the choice of running 4 president!!
@HillaryClinton waiting for you to come to Fl! Hopefully close or in Hollywood. Watch the walls up against you,be prepared 4 harassment!
@HillaryClinton #ReleaseTheTranscripts
@HillaryClinton you are the right person for America move on
@HillaryClinton Neil Turner for school!!!
@HillaryClinton Feds can loan $ to fix flint, they pay back in October when they are supposed to have $. Fix it now, worry about blame later
@HillaryClinton
@HillaryClinton: if you won, I ll come to US along with my family to see you in your first inaugural speech being the 1st woman US president
@HillaryClinton Into the mind of HRC voters: where $250k/hr makes sense and $15/hr is absolutely crazy.
@HillaryClinton je vote pour Hillary Clinton hhh
@HillaryClinton @markpoloncarz Vote early, vote often, it's the Clinton way.
@HillaryClinton Go Bernie! Stick it to Billary, No WH for them again. She is a sneaky liar.
@HillaryClinton
@brcom007 @HillaryClinton I am a @BernieSanders supporter and denounce this tweet. This does not represent his supporters.
@HillaryClinton @ChelseaClinton A vote for Hillary is a vote for Socialism. If you don't know what that is Google it.....Millennials!
@HillaryClinton has your husband molested anyone today, Hillary? #fakefeminist #victimshaming #liar
@HillaryClinton @ChelseaClinton
@HillaryClinton
@HillaryClinton good luck today I vote March 15th in Ohio
@HillaryClinton God Bless keep on your path. We support you!
@HillaryClinton  crooks liers and cheats  that somes it up...there more but thats a good start
@HillaryClinton
@HillaryClinton
@HillaryClinton
@HillaryClinton Hello, Illinois makes a point out of Liz Claiborne, Sony, etc, with flyers.
@HillaryClinton
@HillaryClinton
@HillaryClinton
@HillaryClinton
@HillaryClinton
@HillaryClinton Let's hope Hillary's staff accepts immunity & not take the fall; although we know the Clinton Foundation has deep pockets!
@HillaryClinton NOSOTROS LATINOS PODEMOS DECIRLE RATA D 2 PATAS PERRA CRIMINAL VIEJA MALDITA GRINGA HILLARY! KS LA NE VAMOS HA GANAR SANDERS
@HillaryClinton  YOU WILL BE FINALLY PLACE IN PRISON WHERE YOU BELONG.....LAIR LIE LIES https://www.amazon.com/dp/B00RW7SD5S/ref=dm_ws_tlw_trk1 …
@HillaryClinton   Thanks! That's an easy and cool connection to find your polling place!
@HillaryClinton Hillary claims 30,000 personal emails! What person keeps their job if 50% of the emails on employer's computer are personal?
@HillaryClinton Good Luck today!!  Will be watching!!!
@HillaryClinton Treason!
@HillaryClinton BUENOS DIAS MI GENTE LATINA! NE,LA, KS VAMOS VOTAR UNIDOS HOY; POR NOSOTROS Y PODEMOS VOTAR YOU DECIRLE:RATA MALDITA HILLARY
@HillaryClinton Until Hillary releases her so called personal emails all a reasonable person can do is assume they were Clinton Foun emails!
@HillaryClinton Get out and vote!  Your vote counts!!!!
@HillaryClinton democrat said to me today that the US did not owe much money because it only owes the money to itself.
@HillaryClinton Hillary's press secretary failed to mention the 30,000 email Hillary failed to give the voter; she claims they are personal!
@HillaryClinton The way you treat black people is unacceptable
@HillaryClinton Just saw Hillary's press sec on CNN, what phoney spin!! Said Hillary gave more emails than were due the voters!  Bull rap!
Girls Rock! @HillaryClinton (kickstarter Edible #WildFlower CO-OP Algebra,Kids&Conflict Resolution LA,CA Sec62.169(b)https://www.kickstarter.com/projects/74308506/990693385?token=52bfe5eb …
@mikeword8 @HillaryClinton @HFA @NewBlackPanthr1 Oops. Busted!!!
@HillaryClinton I salute Hillary Clinton& I support all candidates but i insist& I repeat an US to render this election full transparency.-*
@HillaryClinton if you don't win I going to Canada plz kick the hair off trump pick up ur lady balls and do work
@HillaryClinton   "BAG THE HAG!!!"
@HillaryClinton why do you lie?
@HillaryClinton
@HillaryClinton DONALD TRUMP BEATEN BY HIS SUPPORTERS IN MISSISSIPPI by Nicholas Wolfson
@HillaryClinton go #BernieSanders #FeelTheBern #VoteforBernie
@HillaryClinton Let's hope @billclinton obeys the law today and stays away from the caucuses and polling locations. #ImNotWithHer
@HillaryClinton
@HillaryClinton You will be an idiot, if you vote for someone under the FBI investigation. It does not look good for Criminal Hillary.
@HillaryClinton do not spare him so he understands that he is deceiving y people by promising free college. He lies about big money supports
@HillaryClinton Need a big voter turn out in NE, KS, & LA to support Secretary Clinton and move her closer to the Oval Office!
@HillaryClinton this election is critical to usall ur supporters.Is time to call out S in his true colors.On Sunday do not spare his deceits
@HillaryClinton Biggest liar and in trouble. Go to jail you are not above the law!!!! Trump2016
@HillaryClinton Vote Hillary/Satan 2016! She never lied, cheated, stole, or murdered anyone before!
@HillaryClinton we got your back in Macon County Alabama
@HillaryClinton जय हो
@HillaryClinton knock em dead madam president! #ImWithHer
@HillaryClinton vote for the victims if Benghazi by not voting for the corrupt Clintons.
@HillaryClinton HILLARY BABY 
@HillaryClinton I can count on Hillary for peace and love and abortion clinics, but nothing else. Maybe I'll be poor, but immgrants wont!
@HillaryClinton You MUST win cant have D. Duck as US President, so come on Mrs Clinton. Greetings from Oslo Norway <3 :-)
@HillaryClinton quiero votar por usted pero no soy ciudadano,  que puedo hacer?, I vote for you but I'm not a citizen, I can do?
@HillaryClinton #Clintontracker2016 where's bill today? Coffee in KS? doughnuts in NE?
@HillaryClinton is racist. Has different narrative for each race. Crisis in Flint exploiting for racial card.Silent on solutions to poverty
@HillaryClinton @MevlutCavusoglu @f_kiyiklik I wish you good luck. We are praying to beat your rivals.
@HillaryClinton This is funny korean MV.
@HillaryClinton which polling place will Bill be blocking today?
@HillaryClinton VOTE FOR TRUMP!!! GO TRUMP!!!
@Figglicious @HillaryClinton /Vote for Trump the Clown.? Jajaja. No way.
@adams_aylin @HillaryClinton its fine we don't need you. We got this!
@HillaryClinton   Yes, ditch the lying, corrupt, Clinton campaign  and join the movement to take our country back!
#Trump #TrumpTrain
